﻿
> frontend@0.0.0 build
> vite build

[36mvite v5.4.21 [32mbuilding for production...[36m[39m
transforming...
node.exe : Error: Cannot apply unknown 
utility class `bg-gray-50`. Are you using 
CSS modules or similar and missing 
`@reference`? https://tailwindcss.com/docs
/functions-and-directives#reference-direct
ive
At line:1 char:1
+ & "C:\Program Files\nodejs/node.exe" 
"C:\Program Files\nodejs/node_mo ...
+ ~~~~~~~~~~~~~~~~~~~~~~~~~~~~~~~~~~~~~~~~
~~~~~~~~~~~~~~~~~~~~~~~~~~~~~
    + CategoryInfo          : NotSpecifie 
   d: (Error: Cannot a...rence-directive  
  :String) [], RemoteException
    + FullyQualifiedErrorId : NativeComma 
   ndError
 
    at onInvalidCandidate 
(C:\Users\Hello\OneDrive\Desktop\Blood Don
ation\frontend\node_modules\tailwindcss\di
st\lib.js:21:1314)
    at Ee 
(C:\Users\Hello\OneDrive\Desktop\Blood Don
ation\frontend\node_modules\tailwindcss\di
st\lib.js:16:37066)
    at 
C:\Users\Hello\OneDrive\Desktop\Blood Dona
tion\frontend\node_modules\tailwindcss\dis
t\lib.js:21:355
    at Pr 
(C:\Users\Hello\OneDrive\Desktop\Blood Don
ation\frontend\node_modules\tailwindcss\di
st\lib.js:3:1733)
    at _ 
(C:\Users\Hello\OneDrive\Desktop\Blood Don
ation\frontend\node_modules\tailwindcss\di
st\lib.js:3:1377)
    at Te 
(C:\Users\Hello\OneDrive\Desktop\Blood Don
ation\frontend\node_modules\tailwindcss\di
st\lib.js:21:172)
    at pn 
(C:\Users\Hello\OneDrive\Desktop\Blood Don
ation\frontend\node_modules\tailwindcss\di
st\lib.js:38:294)
    at async dn 
(C:\Users\Hello\OneDrive\Desktop\Blood Don
ation\frontend\node_modules\tailwindcss\di
st\lib.js:38:631)
    at async Xr 
(C:\Users\Hello\OneDrive\Desktop\Blood Don
ation\frontend\node_modules\@tailwindcss\n
ode\dist\index.js:10:3417)
    at async N 
(C:\Users\Hello\OneDrive\Desktop\Blood Don
ation\frontend\node_modules\@tailwindcss\p
ostcss\dist\index.js:10:3979)
[32m✓[39m 9 modules transformed.
[31mx[39m Build failed in 1.96s
[31merror during build:
[31m[vite:css] [postcss] tailwindcss: 
C:/Users/Hello/OneDrive/Desktop/Blood 
Donation/frontend/src/index.css:1:1: 
Cannot apply unknown utility class 
`bg-gray-50`. Are you using CSS modules 
or similar and missing `@reference`? https
://tailwindcss.com/docs/functions-and-dire
ctives#reference-directive[31m
file: [36mC:/Users/Hello/OneDrive/Desktop
/Blood 
Donation/frontend/src/index.css:1:0[31m
    at Input.error 
(C:\Users\Hello\OneDrive\Desktop\Blood Don
ation\frontend\node_modules\postcss\lib\in
put.js:135:16)
    at Root.error 
(C:\Users\Hello\OneDrive\Desktop\Blood Don
ation\frontend\node_modules\postcss\lib\no
de.js:146:32)
    at Object.Once 
(C:\Users\Hello\OneDrive\Desktop\Blood Don
ation\frontend\node_modules\@tailwindcss\p
ostcss\dist\index.js:10:6913)
    at async LazyResult.runAsync 
(C:\Users\Hello\OneDrive\Desktop\Blood Don
ation\frontend\node_modules\postcss\lib\la
zy-result.js:293:11)
    at async compileCSS (file:///C:/Users/
Hello/OneDrive/Desktop/Blood%20Donation/fr
ontend/node_modules/vite/dist/node/chunks/
dep-BK3b2jBa.js:36898:21)
    at async Object.transform (file:///C:/
Users/Hello/OneDrive/Desktop/Blood%20Donat
ion/frontend/node_modules/vite/dist/node/c
hunks/dep-BK3b2jBa.js:36171:11)
    at async transform (file:///C:/Users/H
ello/OneDrive/Desktop/Blood%20Donation/fro
ntend/node_modules/rollup/dist/es/shared/n
ode-entry.js:21269:16)
    at async ModuleLoader.addModuleSource 
(file:///C:/Users/Hello/OneDrive/Desktop/B
lood%20Donation/frontend/node_modules/roll
up/dist/es/shared/node-entry.js:21497:36)
[39m
